// Jest Snapshot v1, https://goo.gl/fbAQLP

exports[`Dev Server serves the app's html 1`] = `
"<!DOCTYPE html>
<html>
  <head>
    <meta charset=\\"utf-8\\">
    <meta http-equiv=\\"X-UA-Compatible\\" content=\\"IE=edge\\">
    <meta name=\\"viewport\\" content=\\"width=device-width,initial-scale=1\\">
  </head>
	<body><!--vue-ssr-outlet--><script type=\\"text/javascript\\" src=\\"assets/main.js\\"></script></body>
</html>
"
`;
